23:47:03 **** Incremental Build of configuration Debug for project Integration_Tx ****
make -j12 all 
arm-none-eabi-gcc "../Core/Src/main.c" -mcpu=cortex-m3 -std=gnu11 -g3 -DDEBUG -DUSE_HAL_DRIVER -DSTM32F103xB -c -I../Core/Inc -I../Drivers/STM32F1xx_HAL_Driver/Inc/Legacy -I../Drivers/STM32F1xx_HAL_Driver/Inc -I../Drivers/CMSIS/Device/ST/STM32F1xx/Include -I../Drivers/CMSIS/Include -O0 -ffunction-sections -fdata-sections -Wall -fstack-usage -fcyclomatic-complexity -MMD -MP -MF"Core/Src/main.d" -MT"Core/Src/main.o" --specs=nano.specs -mfloat-abi=soft -mthumb -o "Core/Src/main.o"
arm-none-eabi-gcc -o "Integration_Tx.elf" @"objects.list"   -mcpu=cortex-m3 -T"D:\Courses\NTI\NTI_Final-Project\NTI_Final-Project\CubeIDE\Integration_Tx\STM32F103C8TX_FLASH.ld" --specs=nosys.specs -Wl,-Map="Integration_Tx.map" -Wl,--gc-sections -static --specs=nano.specs -mfloat-abi=soft -mthumb -Wl,--start-group -lc -lm -Wl,--end-group
Finished building target: Integration_Tx.elf
 
arm-none-eabi-size   Integration_Tx.elf 
arm-none-eabi-objdump -h -S  Integration_Tx.elf  > "Integration_Tx.list"
   text	   data	    bss	    dec	    hex	filename
  13928	     20	   1804	  15752	   3d88	Integration_Tx.elf
Finished building: default.size.stdout
 
Finished building: Integration_Tx.list
 
arm-none-eabi-objcopy -O ihex Integration_Tx.elf Integration_Tx.hex
 

23:47:05 Build Finished. 0 errors, 0 warnings. (took 2s.889ms)

